// Jest Snapshot v1, https://goo.gl/fbAQLP

exports[`DetailsComponent should match snapshot 1`] = `
<div
  id="root1"
>
  <div
    class="row"
  >
    <div
      class="col-12"
    >
      <div
        class="card"
      >
        <div
          class="card-body"
        >
          <h4
            class="card-title"
          >
            Income expenses details
          </h4>
          <table
            class="table"
          >
            <thead>
              <tr>
                <th>
                  Description
                </th>
                <th>
                  Amount
                </th>
                <th>
                  Type
                </th>
                <th>
                  Actions
                </th>
              </tr>
            </thead>
            <tbody>
              <tr>
                <td>
                  test
                </td>
                <td>
                  100
                </td>
                <td
                  class="text-success"
                >
                   income 
                </td>
                <td>
                  <button
                    class="btn btn-danger"
                    type="button"
                  >
                     Delete 
                  </button>
                </td>
              </tr>
              
            </tbody>
          </table>
        </div>
      </div>
    </div>
  </div>
</div>
`;
