// Jest Snapshot v1, https://goo.gl/fbAQLP

exports[`LoginComponent should match snapshot 1`] = `
<div
  id="root1"
>
  <div
    class="page-body-wrapper full-page-wrapper auth-page"
  >
    <div
      class="content-wrapper d-flex align-items-center auth auth-bg-1 theme-one"
    >
      <div
        class="row w-100"
      >
        <div
          class="col-lg-4 mx-auto"
        >
          <h2
            class="text-center mb-4"
            style="color: white;"
          >
            Log in
          </h2>
          <div
            class="auto-form-wrapper"
          >
            <form
              class="ng-untouched ng-pristine ng-invalid"
              novalidate=""
            >
              <div
                class="form-group"
              >
                <label
                  class="label"
                  for="email"
                >
                  Email
                </label>
                <div
                  class="input-group"
                >
                  <input
                    class="form-control ng-untouched ng-pristine ng-invalid"
                    formcontrolname="email"
                    id="email"
                    placeholder="Email"
                    type="email"
                  />
                  <div
                    class="input-group-append"
                  >
                    <span
                      class="input-group-text"
                    >
                      <i
                        class="fa fa-check-circle"
                      />
                    </span>
                  </div>
                </div>
              </div>
              <div
                class="form-group"
              >
                <label
                  class="label"
                  for="password"
                >
                  Contrase√±a
                </label>
                <div
                  class="input-group"
                >
                  <input
                    class="form-control ng-untouched ng-pristine ng-invalid"
                    formcontrolname="password"
                    id="password"
                    placeholder="*********"
                    type="password"
                  />
                  <div
                    class="input-group-append"
                  >
                    <span
                      class="input-group-text"
                    >
                      <i
                        class="fa fa-check-circle"
                      />
                    </span>
                  </div>
                </div>
              </div>
              <div
                class="form-group"
              >
                <button
                  class="btn btn-primary submit-btn btn-block"
                  disabled=""
                >
                   Login 
                </button>
                
                
              </div>
              <div
                class="text-block text-center my-3"
              >
                <span
                  class="text-small font-weight-semibold"
                >
                  Are you not registered yet? 
                </span>
                <br />
                <a
                  class="text-black text-small"
                  href="/auth/register"
                  routerlink="/auth/register"
                >
                  Create new account
                </a>
              </div>
            </form>
          </div>
        </div>
      </div>
    </div>
  </div>
</div>
`;
