// Jest Snapshot v1, https://goo.gl/fbAQLP

exports[`RegisterComponent should match snapshot 1`] = `
<div
  id="root1"
>
  <div
    class="page-body-wrapper full-page-wrapper auth-page"
  >
    <div
      class="content-wrapper d-flex align-items-center auth register-bg-1 theme-one"
    >
      <div
        class="row w-100"
      >
        <div
          class="col-lg-4 mx-auto"
        >
          <h2
            class="text-center mb-4"
          >
            Register
          </h2>
          <div
            class="auto-form-wrapper"
          >
            <form
              class="ng-untouched ng-pristine ng-invalid"
              novalidate=""
            >
              <div
                class="form-group"
              >
                <div
                  class="input-group"
                >
                  <input
                    class="form-control ng-untouched ng-pristine ng-invalid"
                    formcontrolname="name"
                    placeholder="Name"
                    type="text"
                  />
                  <div
                    class="input-group-append"
                  >
                    <span
                      class="input-group-text"
                    >
                      
                    </span>
                  </div>
                </div>
              </div>
              <div
                class="form-group"
              >
                <div
                  class="input-group"
                >
                  <input
                    class="form-control ng-untouched ng-pristine ng-invalid"
                    formcontrolname="email"
                    placeholder="Email"
                    type="email"
                  />
                  <div
                    class="input-group-append"
                  >
                    <span
                      class="input-group-text"
                    >
                      
                    </span>
                  </div>
                </div>
              </div>
              <div
                class="form-group"
              >
                <div
                  class="input-group"
                >
                  <input
                    class="form-control ng-untouched ng-pristine ng-invalid"
                    formcontrolname="password"
                    placeholder="Password"
                    type="password"
                  />
                  <div
                    class="input-group-append"
                  >
                    <span
                      class="input-group-text"
                    >
                      
                    </span>
                  </div>
                </div>
              </div>
              <div
                class="form-group"
              >
                <button
                  class="btn btn-primary submit-btn btn-block"
                  disabled=""
                >
                   Create account 
                </button>
                
                
              </div>
              <div
                class="text-block text-center my-3"
              >
                <span
                  class="text-small font-weight-semibold"
                >
                  Already have a new account? 
                </span>
                <br />
                <a
                  class="text-black text-small"
                  href="/auth/login"
                  routerlink="/auth/login"
                >
                  Login
                </a>
              </div>
            </form>
          </div>
        </div>
      </div>
    </div>
  </div>
</div>
`;
